==========================================
 OBSIDIAN VAULT AUTOMATED GIT SYNC
==========================================
Vault Directory: /Users/peytonbackus/GTM 2nd Brain
Time: Fri 21 Aug 2026 13:04:47 EDT

[!] Changes detected. Staging files...
[!] Committing: 'auto(vault-sync): update GTM assets (2026-08-21 13:04:47)'...
[main 5969007] auto(vault-sync): update GTM assets (2026-08-21 13:04:47)
 4 files changed, 64 insertions(+)
 create mode 100644 30_Resources/Code/gtm_researcher.py
 create mode 100644 30_Resources/Research/GTM_Research_2026-08-21.md
 create mode 100644 research.log
 create mode 100644 sync.log
[!] Pushing changes to GitHub...
To https://github.com/peytonbackus-spec/gtm-revops-toolkit.git
   4cfae8b..5969007  main -> main

[✓] Sync complete! Remote main is up to date.
==========================================
=== SYNC RUN: Fri Aug 21 13:05:41 EDT 2026 ===
==========================================
 OBSIDIAN VAULT AUTOMATED GIT SYNC
==========================================
Vault Directory: /Users/peytonbackus/GTM 2nd Brain
Time: Fri Aug 21 13:05:41 EDT 2026

[!] Changes detected. Staging files...
[!] Committing: 'auto(vault-sync): update GTM assets (2026-08-21 13:05:41)'...
[main d19d3ac] auto(vault-sync): update GTM assets (2026-08-21 13:05:41)
 5 files changed, 34 insertions(+)
 create mode 100644 launchd_stderr.log
 create mode 100644 launchd_stdout.log
 create mode 100755 run_pipeline.sh
[!] Pushing changes to GitHub...
To https://github.com/peytonbackus-spec/gtm-revops-toolkit.git
   5969007..d19d3ac  main -> main

[✓] Sync complete! Remote main is up to date.
==========================================
=== SYNC RUN: Fri Aug 21 13:06:35 EDT 2026 ===
==========================================
 OBSIDIAN VAULT AUTOMATED GIT SYNC
==========================================
Vault Directory: /Users/peytonbackus/GTM 2nd Brain
Time: Fri Aug 21 13:06:35 EDT 2026

[!] Changes detected. Staging files...
